Archive member included to satisfy reference by file (symbol)

c:/st/stm32cubeide_1.3.0/stm32cubeide/plugins/com.st.stm32cube.ide.mcu.externaltools.gnu-tools-for-stm32.7-2018-q2-update.win32_1.0.0.201904181610/tools/bin/../lib/gcc/arm-none-eabi/7.3.1/../../../../arm-none-eabi/lib/thumb/v7-m\libc_nano.a(lib_a-errno.o)
                              Core/Src/syscalls.o (__errno)
c:/st/stm32cubeide_1.3.0/stm32cubeide/plugins/com.st.stm32cube.ide.mcu.externaltools.gnu-tools-for-stm32.7-2018-q2-update.win32_1.0.0.201904181610/tools/bin/../lib/gcc/arm-none-eabi/7.3.1/../../../../arm-none-eabi/lib/thumb/v7-m\libc_nano.a(lib_a-exit.o)
                              c:/st/stm32cubeide_1.3.0/stm32cubeide/plugins/com.st.stm32cube.ide.mcu.externaltools.gnu-tools-for-stm32.7-2018-q2-update.win32_1.0.0.201904181610/tools/bin/../lib/gcc/arm-none-eabi/7.3.1/../../../../arm-none-eabi/lib/thumb/v7-m/crt0.o (exit)
c:/st/stm32cubeide_1.3.0/stm32cubeide/plugins/com.st.stm32cube.ide.mcu.externaltools.gnu-tools-for-stm32.7-2018-q2-update.win32_1.0.0.201904181610/tools/bin/../lib/gcc/arm-none-eabi/7.3.1/../../../../arm-none-eabi/lib/thumb/v7-m\libc_nano.a(lib_a-impure.o)
                              c:/st/stm32cubeide_1.3.0/stm32cubeide/plugins/com.st.stm32cube.ide.mcu.externaltools.gnu-tools-for-stm32.7-2018-q2-update.win32_1.0.0.201904181610/tools/bin/../lib/gcc/arm-none-eabi/7.3.1/../../../../arm-none-eabi/lib/thumb/v7-m\libc_nano.a(lib_a-exit.o) (_global_impure_ptr)
c:/st/stm32cubeide_1.3.0/stm32cubeide/plugins/com.st.stm32cube.ide.mcu.externaltools.gnu-tools-for-stm32.7-2018-q2-update.win32_1.0.0.201904181610/tools/bin/../lib/gcc/arm-none-eabi/7.3.1/../../../../arm-none-eabi/lib/thumb/v7-m\libc_nano.a(lib_a-init.o)
                              c:/st/stm32cubeide_1.3.0/stm32cubeide/plugins/com.st.stm32cube.ide.mcu.externaltools.gnu-tools-for-stm32.7-2018-q2-update.win32_1.0.0.201904181610/tools/bin/../lib/gcc/arm-none-eabi/7.3.1/../../../../arm-none-eabi/lib/thumb/v7-m/crt0.o (__libc_init_array)
c:/st/stm32cubeide_1.3.0/stm32cubeide/plugins/com.st.stm32cube.ide.mcu.externaltools.gnu-tools-for-stm32.7-2018-q2-update.win32_1.0.0.201904181610/tools/bin/../lib/gcc/arm-none-eabi/7.3.1/../../../../arm-none-eabi/lib/thumb/v7-m\libc_nano.a(lib_a-memset.o)
                              c:/st/stm32cubeide_1.3.0/stm32cubeide/plugins/com.st.stm32cube.ide.mcu.externaltools.gnu-tools-for-stm32.7-2018-q2-update.win32_1.0.0.201904181610/tools/bin/../lib/gcc/arm-none-eabi/7.3.1/../../../../arm-none-eabi/lib/thumb/v7-m/crt0.o (memset)
c:/st/stm32cubeide_1.3.0/stm32cubeide/plugins/com.st.stm32cube.ide.mcu.externaltools.gnu-tools-for-stm32.7-2018-q2-update.win32_1.0.0.201904181610/tools/bin/../lib/gcc/arm-none-eabi/7.3.1/../../../../arm-none-eabi/lib/thumb/v7-m\libc_nano.a(lib_a-sprintf.o)
                              Core/Src/main.o (sprintf)
c:/st/stm32cubeide_1.3.0/stm32cubeide/plugins/com.st.stm32cube.ide.mcu.externaltools.gnu-tools-for-stm32.7-2018-q2-update.win32_1.0.0.201904181610/tools/bin/../lib/gcc/arm-none-eabi/7.3.1/../../../../arm-none-eabi/lib/thumb/v7-m\libc_nano.a(lib_a-nano-svfprintf.o)
                              c:/st/stm32cubeide_1.3.0/stm32cubeide/plugins/com.st.stm32cube.ide.mcu.externaltools.gnu-tools-for-stm32.7-2018-q2-update.win32_1.0.0.201904181610/tools/bin/../lib/gcc/arm-none-eabi/7.3.1/../../../../arm-none-eabi/lib/thumb/v7-m\libc_nano.a(lib_a-sprintf.o) (_svfprintf_r)
c:/st/stm32cubeide_1.3.0/stm32cubeide/plugins/com.st.stm32cube.ide.mcu.externaltools.gnu-tools-for-stm32.7-2018-q2-update.win32_1.0.0.201904181610/tools/bin/../lib/gcc/arm-none-eabi/7.3.1/../../../../arm-none-eabi/lib/thumb/v7-m\libc_nano.a(lib_a-nano-vfprintf_i.o)
                              c:/st/stm32cubeide_1.3.0/stm32cubeide/plugins/com.st.stm32cube.ide.mcu.externaltools.gnu-tools-for-stm32.7-2018-q2-update.win32_1.0.0.201904181610/tools/bin/../lib/gcc/arm-none-eabi/7.3.1/../../../../arm-none-eabi/lib/thumb/v7-m\libc_nano.a(lib_a-nano-svfprintf.o) (_printf_i)
c:/st/stm32cubeide_1.3.0/stm32cubeide/plugins/com.st.stm32cube.ide.mcu.externaltools.gnu-tools-for-stm32.7-2018-q2-update.win32_1.0.0.201904181610/tools/bin/../lib/gcc/arm-none-eabi/7.3.1/../../../../arm-none-eabi/lib/thumb/v7-m\libc_nano.a(lib_a-memchr-stub.o)
                              c:/st/stm32cubeide_1.3.0/stm32cubeide/plugins/com.st.stm32cube.ide.mcu.externaltools.gnu-tools-for-stm32.7-2018-q2-update.win32_1.0.0.201904181610/tools/bin/../lib/gcc/arm-none-eabi/7.3.1/../../../../arm-none-eabi/lib/thumb/v7-m\libc_nano.a(lib_a-nano-svfprintf.o) (memchr)
c:/st/stm32cubeide_1.3.0/stm32cubeide/plugins/com.st.stm32cube.ide.mcu.externaltools.gnu-tools-for-stm32.7-2018-q2-update.win32_1.0.0.201904181610/tools/bin/../lib/gcc/arm-none-eabi/7.3.1/../../../../arm-none-eabi/lib/thumb/v7-m\libc_nano.a(lib_a-memcpy-stub.o)
[...]
Memory Configuration

Name             Origin             Length             Attributes
RAM              0x0000000020000000 0x0000000000002800 xrw
FLASH            0x0000000008000000 0x0000000000008000 xr
*default*        0x0000000000000000 0xffffffffffffffff

Linker script and memory map

LOAD c:/st/stm32cubeide_1.3.0/stm32cubeide/plugins/com.st.stm32cube.ide.mcu.externaltools.gnu-tools-for-stm32.7-2018-q2-update.win32_1.0.0.201904181610/tools/bin/../lib/gcc/arm-none-eabi/7.3.1/thumb/v7-m/crti.o
LOAD c:/st/stm32cubeide_1.3.0/stm32cubeide/plugins/com.st.stm32cube.ide.mcu.externaltools.gnu-tools-for-stm32.7-2018-q2-update.win32_1.0.0.201904181610/tools/bin/../lib/gcc/arm-none-eabi/7.3.1/thumb/v7-m/crtbegin.o
LOAD c:/st/stm32cubeide_1.3.0/stm32cubeide/plugins/com.st.stm32cube.ide.mcu.externaltools.gnu-tools-for-stm32.7-2018-q2-update.win32_1.0.0.201904181610/tools/bin/../lib/gcc/arm-none-eabi/7.3.1/../../../../arm-none-eabi/lib/thumb/v7-m/crt0.o
LOAD Core/Src/main.o
LOAD Core/Src/stm32f1xx_hal_msp.o
LOAD Core/Src/stm32f1xx_it.o
LOAD Core/Src/syscalls.o
LOAD Core/Src/sysmem.o
LOAD Core/Src/system_stm32f1xx.o
LOAD Core/Startup/startup_stm32f103c6tx.o
LOAD Drivers/STM32F1xx_HAL_Driver/Src/stm32f1xx_hal.o
LOAD Drivers/STM32F1xx_HAL_Driver/Src/stm32f1xx_hal_adc.o
LOAD Drivers/STM32F1xx_HAL_Driver/Src/stm32f1xx_hal_adc_ex.o
LOAD Drivers/STM32F1xx_HAL_Driver/Src/stm32f1xx_hal_cortex.o
LOAD Drivers/STM32F1xx_HAL_Driver/Src/stm32f1xx_hal_dma.o
LOAD Drivers/STM32F1xx_HAL_Driver/Src/stm32f1xx_hal_exti.o
LOAD Drivers/STM32F1xx_HAL_Driver/Src/stm32f1xx_hal_flash.o
LOAD Drivers/STM32F1xx_HAL_Driver/Src/stm32f1xx_hal_flash_ex.o
LOAD Drivers/STM32F1xx_HAL_Driver/Src/stm32f1xx_hal_gpio.o
LOAD Drivers/STM32F1xx_HAL_Driver/Src/stm32f1xx_hal_gpio_ex.o
LOAD Drivers/STM32F1xx_HAL_Driver/Src/stm32f1xx_hal_pwr.o
LOAD Drivers/STM32F1xx_HAL_Driver/Src/stm32f1xx_hal_rcc.o
LOAD Drivers/STM32F1xx_HAL_Driver/Src/stm32f1xx_hal_rcc_ex.o
LOAD Drivers/STM32F1xx_HAL_Driver/Src/stm32f1xx_hal_tim.o
LOAD Drivers/STM32F1xx_HAL_Driver/Src/stm32f1xx_hal_tim_ex.o
START GROUP
LOAD c:/st/stm32cubeide_1.3.0/stm32cubeide/plugins/com.st.stm32cube.ide.mcu.externaltools.gnu-tools-for-stm32.7-2018-q2-update.win32_1.0.0.201904181610/tools/bin/../lib/gcc/arm-none-eabi/7.3.1/../../../../arm-none-eabi/lib/thumb/v7-m\libc_nano.a
LOAD c:/st/stm32cubeide_1.3.0/stm32cubeide/plugins/com.st.stm32cube.ide.mcu.externaltools.gnu-tools-for-stm32.7-2018-q2-update.win32_1.0.0.201904181610/tools/bin/../lib/gcc/arm-none-eabi/7.3.1/../../../../arm-none-eabi/lib/thumb/v7-m\libm.a
END GROUP
START GROUP
LOAD c:/st/stm32cubeide_1.3.0/stm32cubeide/plugins/com.st.stm32cube.ide.mcu.externaltools.gnu-tools-for-stm32.7-2018-q2-update.win32_1.0.0.201904181610/tools/bin/../lib/gcc/arm-none-eabi/7.3.1/thumb/v7-m\libgcc.a
LOAD c:/st/stm32cubeide_1.3.0/stm32cubeide/plugins/com.st.stm32cube.ide.mcu.externaltools.gnu-tools-for-stm32.7-2018-q2-update.win32_1.0.0.201904181610/tools/bin/../lib/gcc/arm-none-eabi/7.3.1/../../../../arm-none-eabi/lib/thumb/v7-m\libc_nano.a
END GROUP
START GROUP
LOAD c:/st/stm32cubeide_1.3.0/stm32cubeide/plugins/com.st.stm32cube.ide.mcu.externaltools.gnu-tools-for-stm32.7-2018-q2-update.win32_1.0.0.201904181610/tools/bin/../lib/gcc/arm-none-eabi/7.3.1/thumb/v7-m\libgcc.a
LOAD c:/st/stm32cubeide_1.3.0/stm32cubeide/plugins/com.st.stm32cube.ide.mcu.externaltools.gnu-tools-for-stm32.7-2018-q2-update.win32_1.0.0.201904181610/tools/bin/../lib/gcc/arm-none-eabi/7.3.1/../../../../arm-none-eabi/lib/thumb/v7-m\libc_nano.a
LOAD c:/st/stm32cubeide_1.3.0/stm32cubeide/plugins/com.st.stm32cube.ide.mcu.externaltools.gnu-tools-for-stm32.7-2018-q2-update.win32_1.0.0.201904181610/tools/bin/../lib/gcc/arm-none-eabi/7.3.1/../../../../arm-none-eabi/lib/thumb/v7-m\libnosys.a
END GROUP
START GROUP
LOAD c:/st/stm32cubeide_1.3.0/stm32cubeide/plugins/com.st.stm32cube.ide.mcu.externaltools.gnu-tools-for-stm32.7-2018-q2-update.win32_1.0.0.201904181610/tools/bin/../lib/gcc/arm-none-eabi/7.3.1/thumb/v7-m\libgcc.a
LOAD c:/st/stm32cubeide_1.3.0/stm32cubeide/plugins/com.st.stm32cube.ide.mcu.externaltools.gnu-tools-for-stm32.7-2018-q2-update.win32_1.0.0.201904181610/tools/bin/../lib/gcc/arm-none-eabi/7.3.1/../../../../arm-none-eabi/lib/thumb/v7-m\libc_nano.a
LOAD c:/st/stm32cubeide_1.3.0/stm32cubeide/plugins/com.st.stm32cube.ide.mcu.externaltools.gnu-tools-for-stm32.7-2018-q2-update.win32_1.0.0.201904181610/tools/bin/../lib/gcc/arm-none-eabi/7.3.1/../../../../arm-none-eabi/lib/thumb/v7-m\libnosys.a
END GROUP
LOAD c:/st/stm32cubeide_1.3.0/stm32cubeide/plugins/com.st.stm32cube.ide.mcu.externaltools.gnu-tools-for-stm32.7-2018-q2-update.win32_1.0.0.201904181610/tools/bin/../lib/gcc/arm-none-eabi/7.3.1/thumb/v7-m/crtend.o
LOAD c:/st/stm32cubeide_1.3.0/stm32cubeide/plugins/com.st.stm32cube.ide.mcu.externaltools.gnu-tools-for-stm32.7-2018-q2-update.win32_1.0.0.201904181610/tools/bin/../lib/gcc/arm-none-eabi/7.3.1/thumb/v7-m/crtn.o
                0x0000000020002800                _estack = (ORIGIN (RAM) + LENGTH (RAM))
                0x0000000000000200                _Min_Heap_Size = 0x200
                0x0000000000000400                _Min_Stack_Size = 0x400

.isr_vector     0x0000000008000000      0x10c
                0x0000000008000000                . = ALIGN (0x4)
 *(.isr_vector)
 .isr_vector    0x0000000008000000      0x10c Core/Startup/startup_stm32f103c6tx.o
                0x0000000008000000                g_pfnVectors
                0x000000000800010c                . = ALIGN (0x4)

.text           0x000000000800010c     0x2e5c
                0x000000000800010c                . = ALIGN (0x4)
 *(.text)
 .text          0x000000000800010c       0x40 c:/st/stm32cubeide_1.3.0/stm32cubeide/plugins/com.st.stm32cube.ide.mcu.externaltools.gnu-tools-for-stm32.7-2018-q2-update.win32_1.0.0.201904181610/tools/bin/../lib/gcc/arm-none-eabi/7.3.1/thumb/v7-m/crtbegin.o
 .text          0x000000000800014c      0x21c c:/st/stm32cubeide_1.3.0/stm32cubeide/plugins/com.st.stm32cube.ide.mcu.externaltools.gnu-tools-for-stm32.7-2018-q2-update.win32_1.0.0.201904181610/tools/bin/../lib/gcc/arm-none-eabi/7.3.1/thumb/v7-m\libgcc.a(_arm_addsubsf3.o)
                0x000000000800014c                __aeabi_frsub
                0x0000000008000154                __subsf3
                0x0000000008000154                __aeabi_fsub
                0x0000000008000158                __aeabi_fadd
                0x0000000008000158                __addsf3
                0x00000000080002b8                __aeabi_ui2f
                0x00000000080002b8                __floatunsisf
                0x00000000080002c0                __aeabi_i2f
                0x00000000080002c0                __floatsisf
                0x00000000080002dc                __aeabi_ul2f
                0x00000000080002dc                __floatundisf
                0x00000000080002ec                __aeabi_l2f
                0x00000000080002ec                __floatdisf
 .text          0x0000000008000368      0x2a0 c:/st/stm32cubeide_1.3.0/stm32cubeide/plugins/com.st.stm32cube.ide.mcu.externaltools.gnu-tools-for-stm32.7-2018-q2-update.win32_1.0.0.201904181610/tools/bin/../lib/gcc/arm-none-eabi/7.3.1/thumb/v7-m\libgcc.a(_arm_muldivsf3.o)
                0x0000000008000368                __mulsf3
                0x0000000008000368                __aeabi_fmul
                0x00000000080004d0                __aeabi_fdiv
                0x00000000080004d0                __divsf3
 .text          0x0000000008000608       0x4c c:/st/stm32cubeide_1.3.0/stm32cubeide/plugins/com.st.stm32cube.ide.mcu.externaltools.gnu-tools-for-stm32.7-2018-q2-update.win32_1.0.0.201904181610/tools/bin/../lib/gcc/arm-none-eabi/7.3.1/thumb/v7-m\libgcc.a(_arm_fixsfsi.o)
                0x0000000008000608                __aeabi_f2iz
                0x0000000008000608                __fixsfsi
 *(.text*)
 .text.LCD      0x0000000008000654      0x100 Core/Src/main.o
                0x0000000008000654                LCD
 .text.clearLCD
                0x0000000008000754       0x30 Core/Src/main.o
                0x0000000008000754                clearLCD
 .text.updateLCD
                0x0000000008000784       0xa4 Core/Src/main.o
                0x0000000008000784                updateLCD
 .text.HAL_GPIO_EXTI_Callback
                0x0000000008000828       0x40 Core/Src/main.o
                0x0000000008000828                HAL_GPIO_EXTI_Callback
 .text.main     0x0000000008000868       0xd0 Core/Src/main.o
                0x0000000008000868                main
 .text.SystemClock_Config
                0x0000000008000938       0xa0 Core/Src/main.o
                0x0000000008000938                SystemClock_Config
 .text.MX_ADC1_Init
                0x00000000080009d8       0x7c Core/Src/main.o
 .text.MX_GPIO_Init
                0x0000000008000a54       0xac Core/Src/main.o
 .text.Error_Handler
                0x0000000008000b00        0xc Core/Src/main.o
                0x0000000008000b00                Error_Handler
 .text.HAL_MspInit
                0x0000000008000b0c       0x64 Core/Src/stm32f1xx_hal_msp.o
                0x0000000008000b0c                HAL_MspInit
 .text.HAL_ADC_MspInit
                0x0000000008000b70       0x78 Core/Src/stm32f1xx_hal_msp.o
                0x0000000008000b70                HAL_ADC_MspInit
 .text.NMI_Handler
                0x0000000008000be8        0xc Core/Src/stm32f1xx_it.o
                0x0000000008000be8                NMI_Handler
 .text.HardFault_Handler
                0x0000000008000bf4        0x6 Core/Src/stm32f1xx_it.o
                0x0000000008000bf4                HardFault_Handler
 .text.MemManage_Handler
                0x0000000008000bfa        0x6 Core/Src/stm32f1xx_it.o
                0x0000000008000bfa                MemManage_Handler
 .text.BusFault_Handler
                0x0000000008000c00        0x6 Core/Src/stm32f1xx_it.o
                0x0000000008000c00                BusFault_Handler
 .text.UsageFault_Handler
                0x0000000008000c06        0x6 Core/Src/stm32f1xx_it.o
                0x0000000008000c06                UsageFault_Handler
 .text.SVC_Handler
                0x0000000008000c0c        0xc Core/Src/stm32f1xx_it.o
                0x0000000008000c0c                SVC_Handler
 .text.DebugMon_Handler
                0x0000000008000c18        0xc Core/Src/stm32f1xx_it.o
                0x0000000008000c18                DebugMon_Handler
 .text.PendSV_Handler
                0x0000000008000c24        0xc Core/Src/stm32f1xx_it.o
                0x0000000008000c24                PendSV_Handler
 .text.SysTick_Handler
                0x0000000008000c30        0xc Core/Src/stm32f1xx_it.o
                0x0000000008000c30                SysTick_Handler
 .text.EXTI0_IRQHandler
                0x0000000008000c3c        0xe Core/Src/stm32f1xx_it.o
                0x0000000008000c3c                EXTI0_IRQHandler
 *fill*         0x0000000008000c4a        0x2 
 .text._sbrk    0x0000000008000c4c       0x58 Core/Src/sysmem.o
                0x0000000008000c4c                _sbrk
 .text.SystemInit
                0x0000000008000ca4        0xc Core/Src/system_stm32f1xx.o
                0x0000000008000ca4                SystemInit
 .text.Reset_Handler
                0x0000000008000cb0       0x48 Core/Startup/startup_stm32f103c6tx.o
                0x0000000008000cb0                Reset_Handler
 .text.Default_Handler
                0x0000000008000cf8        0x2 Core/Startup/startup_stm32f103c6tx.o
                0x0000000008000cf8                RTC_Alarm_IRQHandler
                0x0000000008000cf8                EXTI2_IRQHandler
                0x0000000008000cf8                TIM1_CC_IRQHandler
                0x0000000008000cf8                PVD_IRQHandler
                0x0000000008000cf8                EXTI3_IRQHandler
                0x0000000008000cf8                ADC1_2_IRQHandler
                0x0000000008000cf8                SPI1_IRQHandler
                0x0000000008000cf8                TAMPER_IRQHandler
                0x0000000008000cf8                DMA1_Channel4_IRQHandler
                0x0000000008000cf8                RTC_IRQHandler
                0x0000000008000cf8                DMA1_Channel7_IRQHandler
                0x0000000008000cf8                CAN1_RX1_IRQHandler
                0x0000000008000cf8                I2C1_EV_IRQHandler
                0x0000000008000cf8                DMA1_Channel6_IRQHandler
                0x0000000008000cf8                TIM3_IRQHandler
                0x0000000008000cf8                RCC_IRQHandler
                0x0000000008000cf8                TIM1_TRG_COM_IRQHandler
                0x0000000008000cf8                DMA1_Channel1_IRQHandler
                0x0000000008000cf8                Default_Handler
                0x0000000008000cf8                EXTI15_10_IRQHandler
                0x0000000008000cf8                EXTI9_5_IRQHandler
                0x0000000008000cf8                DMA1_Channel5_IRQHandler
                0x0000000008000cf8                EXTI4_IRQHandler
                0x0000000008000cf8                USB_LP_CAN1_RX0_IRQHandler
                0x0000000008000cf8                USB_HP_CAN1_TX_IRQHandler
                0x0000000008000cf8                DMA1_Channel3_IRQHandler
                0x0000000008000cf8                TIM1_UP_IRQHandler
                0x0000000008000cf8                WWDG_IRQHandler
                0x0000000008000cf8                TIM2_IRQHandler
                0x0000000008000cf8                TIM1_BRK_IRQHandler
                0x0000000008000cf8                EXTI1_IRQHandler
                0x0000000008000cf8                USART2_IRQHandler
                0x0000000008000cf8                DMA1_Channel2_IRQHandler
                0x0000000008000cf8                CAN1_SCE_IRQHandler
                0x0000000008000cf8                FLASH_IRQHandler
                0x0000000008000cf8                USART1_IRQHandler
                0x0000000008000cf8                I2C1_ER_IRQHandler
                0x0000000008000cf8                USBWakeUp_IRQHandler
 *fill*         0x0000000008000cfa        0x2 
 .text.HAL_Init
                0x0000000008000cfc       0x2c Drivers/STM32F1xx_HAL_Driver/Src/stm32f1xx_hal.o
                0x0000000008000cfc                HAL_Init
 .text.HAL_InitTick
                0x0000000008000d28       0x60 Drivers/STM32F1xx_HAL_Driver/Src/stm32f1xx_hal.o
                0x0000000008000d28                HAL_InitTick
 .text.HAL_IncTick
                0x0000000008000d88       0x24 Drivers/STM32F1xx_HAL_Driver/Src/stm32f1xx_hal.o
                0x0000000008000d88                HAL_IncTick
 .text.HAL_GetTick
                0x0000000008000dac       0x14 Drivers/STM32F1xx_HAL_Driver/Src/stm32f1xx_hal.o
                0x0000000008000dac                HAL_GetTick
 .text.HAL_Delay
                0x0000000008000dc0       0x44 Drivers/STM32F1xx_HAL_Driver/Src/stm32f1xx_hal.o
                0x0000000008000dc0                HAL_Delay
 .text.HAL_ADC_Init
                0x0000000008000e04      0x1b0 Drivers/STM32F1xx_HAL_Driver/Src/stm32f1xx_hal_adc.o
                0x0000000008000e04                HAL_ADC_Init
 .text.HAL_ADC_Start
                0x0000000008000fb4      0x15c Drivers/STM32F1xx_HAL_Driver/Src/stm32f1xx_hal_adc.o
                0x0000000008000fb4                HAL_ADC_Start
 .text.HAL_ADC_Stop
                0x0000000008001110       0x58 Drivers/STM32F1xx_HAL_Driver/Src/stm32f1xx_hal_adc.o
                0x0000000008001110                HAL_ADC_Stop
 .text.HAL_ADC_PollForConversion
                0x0000000008001168      0x20c Drivers/STM32F1xx_HAL_Driver/Src/stm32f1xx_hal_adc.o
                0x0000000008001168                HAL_ADC_PollForConversion
 .text.HAL_ADC_GetValue
                0x0000000008001374       0x18 Drivers/STM32F1xx_HAL_Driver/Src/stm32f1xx_hal_adc.o
                0x0000000008001374                HAL_ADC_GetValue
 .text.HAL_ADC_ConfigChannel
                0x000000000800138c      0x1f0 Drivers/STM32F1xx_HAL_Driver/Src/stm32f1xx_hal_adc.o
                0x000000000800138c                HAL_ADC_ConfigChannel
 .text.ADC_Enable
                0x000000000800157c       0xb4 Drivers/STM32F1xx_HAL_Driver/Src/stm32f1xx_hal_adc.o
                0x000000000800157c                ADC_Enable
 .text.ADC_ConversionStop_Disable
                0x0000000008001630       0x82 Drivers/STM32F1xx_HAL_Driver/Src/stm32f1xx_hal_adc.o
                0x0000000008001630                ADC_ConversionStop_Disable
 *fill*         0x00000000080016b2        0x2 
 .text.__NVIC_SetPriorityGrouping
                0x00000000080016b4       0x48 Drivers/STM32F1xx_HAL_Driver/Src/stm32f1xx_hal_cortex.o
 .text.__NVIC_GetPriorityGrouping
                0x00000000080016fc       0x1c Drivers/STM32F1xx_HAL_Driver/Src/stm32f1xx_hal_cortex.o
 .text.__NVIC_EnableIRQ
                0x0000000008001718       0x38 Drivers/STM32F1xx_HAL_Driver/Src/stm32f1xx_hal_cortex.o
 .text.__NVIC_SetPriority
                0x0000000008001750       0x54 Drivers/STM32F1xx_HAL_Driver/Src/stm32f1xx_hal_cortex.o
 .text.NVIC_EncodePriority
                0x00000000080017a4       0x64 Drivers/STM32F1xx_HAL_Driver/Src/stm32f1xx_hal_cortex.o
 .text.SysTick_Config
                0x0000000008001808       0x44 Drivers/STM32F1xx_HAL_Driver/Src/stm32f1xx_hal_cortex.o
 .text.HAL_NVIC_SetPriorityGrouping
                0x000000000800184c       0x16 Drivers/STM32F1xx_HAL_Driver/Src/stm32f1xx_hal_cortex.o
                0x000000000800184c                HAL_NVIC_SetPriorityGrouping
 .text.HAL_NVIC_SetPriority
                0x0000000008001862       0x38 Drivers/STM32F1xx_HAL_Driver/Src/stm32f1xx_hal_cortex.o
                0x0000000008001862                HAL_NVIC_SetPriority
 .text.HAL_NVIC_EnableIRQ
                0x000000000800189a       0x1c Drivers/STM32F1xx_HAL_Driver/Src/stm32f1xx_hal_cortex.o
                0x000000000800189a                HAL_NVIC_EnableIRQ
 .text.HAL_SYSTICK_Config
                0x00000000080018b6       0x18 Drivers/STM32F1xx_HAL_Driver/Src/stm32f1xx_hal_cortex.o
                0x00000000080018b6                HAL_SYSTICK_Config
 *fill*         0x00000000080018ce        0x2 
 .text.HAL_GPIO_Init
                0x00000000080018d0      0x2a4 Drivers/STM32F1xx_HAL_Driver/Src/stm32f1xx_hal_gpio.o
                0x00000000080018d0                HAL_GPIO_Init
 .text.HAL_GPIO_WritePin
                0x0000000008001b74       0x30 Drivers/STM32F1xx_HAL_Driver/Src/stm32f1xx_hal_gpio.o
                0x0000000008001b74                HAL_GPIO_WritePin
 .text.HAL_GPIO_EXTI_IRQHandler
                0x0000000008001ba4       0x30 Drivers/STM32F1xx_HAL_Driver/Src/stm32f1xx_hal_gpio.o
                0x0000000008001ba4                HAL_GPIO_EXTI_IRQHandler
 .text.HAL_RCC_OscConfig
                0x0000000008001bd4      0x500 Drivers/STM32F1xx_HAL_Driver/Src/stm32f1xx_hal_rcc.o
                0x0000000008001bd4                HAL_RCC_OscConfig
 .text.HAL_RCC_ClockConfig
                0x00000000080020d4      0x1d4 Drivers/STM32F1xx_HAL_Driver/Src/stm32f1xx_hal_rcc.o
                0x00000000080020d4                HAL_RCC_ClockConfig
 .text.HAL_RCC_GetSysClockFreq
                0x00000000080022a8       0xc4 Drivers/STM32F1xx_HAL_Driver/Src/stm32f1xx_hal_rcc.o
                0x00000000080022a8                HAL_RCC_GetSysClockFreq
 .text.HAL_RCC_GetHCLKFreq
                0x000000000800236c       0x14 Drivers/STM32F1xx_HAL_Driver/Src/stm32f1xx_hal_rcc.o
                0x000000000800236c                HAL_RCC_GetHCLKFreq
 .text.HAL_RCC_GetPCLK2Freq
                0x0000000008002380       0x28 Drivers/STM32F1xx_HAL_Driver/Src/stm32f1xx_hal_rcc.o
                0x0000000008002380                HAL_RCC_GetPCLK2Freq
 .text.RCC_Delay
                0x00000000080023a8       0x3c Drivers/STM32F1xx_HAL_Driver/Src/stm32f1xx_hal_rcc.o
 .text.HAL_RCCEx_PeriphCLKConfig
                0x00000000080023e4      0x16c Drivers/STM32F1xx_HAL_Driver/Src/stm32f1xx_hal_rcc_ex.o
                0x00000000080023e4                HAL_RCCEx_PeriphCLKConfig
 .text.HAL_RCCEx_GetPeriphCLKFreq
                0x0000000008002550      0x178 Drivers/STM32F1xx_HAL_Driver/Src/stm32f1xx_hal_rcc_ex.o
                0x0000000008002550                HAL_RCCEx_GetPeriphCLKFreq
 .text.__errno  0x00000000080026c8        0xc c:/st/stm32cubeide_1.3.0/stm32cubeide/plugins/com.st.stm32cube.ide.mcu.externaltools.gnu-tools-for-stm32.7-2018-q2-update.win32_1.0.0.201904181610/tools/bin/../lib/gcc/arm-none-eabi/7.3.1/../../../../arm-none-eabi/lib/thumb/v7-m\libc_nano.a(lib_a-errno.o)
                0x00000000080026c8                __errno
 .text.__libc_init_array
                0x00000000080026d4       0x48 c:/st/stm32cubeide_1.3.0/stm32cubeide/plugins/com.st.stm32cube.ide.mcu.externaltools.gnu-tools-for-stm32.7-2018-q2-update.win32_1.0.0.201904181610/tools/bin/../lib/gcc/arm-none-eabi/7.3.1/../../../../arm-none-eabi/lib/thumb/v7-m\libc_nano.a(lib_a-init.o)
                0x00000000080026d4                __libc_init_array
 .text.memset   0x000000000800271c       0x10 c:/st/stm32cubeide_1.3.0/stm32cubeide/plugins/com.st.stm32cube.ide.mcu.externaltools.gnu-tools-for-stm32.7-2018-q2-update.win32_1.0.0.201904181610/tools/bin/../lib/gcc/arm-none-eabi/7.3.1/../../../../arm-none-eabi/lib/thumb/v7-m\libc_nano.a(lib_a-memset.o)
                0x000000000800271c                memset
 .text.sprintf  0x000000000800272c       0x40 c:/st/stm32cubeide_1.3.0/stm32cubeide/plugins/com.st.stm32cube.ide.mcu.externaltools.gnu-tools-for-stm32.7-2018-q2-update.win32_1.0.0.201904181610/tools/bin/../lib/gcc/arm-none-eabi/7.3.1/../../../../arm-none-eabi/lib/thumb/v7-m\libc_nano.a(lib_a-sprintf.o)
                0x000000000800272c                siprintf
                0x000000000800272c                sprintf
 .text.__ssputs_r
                0x000000000800276c       0xb4 c:/st/stm32cubeide_1.3.0/stm32cubeide/plugins/com.st.stm32cube.ide.mcu.externaltools.gnu-tools-for-stm32.7-2018-q2-update.win32_1.0.0.201904181610/tools/bin/../lib/gcc/arm-none-eabi/7.3.1/../../../../arm-none-eabi/lib/thumb/v7-m\libc_nano.a(lib_a-nano-svfprintf.o)
                0x000000000800276c                __ssputs_r
 .text._svfprintf_r
                0x0000000008002820      0x1f0 c:/st/stm32cubeide_1.3.0/stm32cubeide/plugins/com.st.stm32cube.ide.mcu.externaltools.gnu-tools-for-stm32.7-2018-q2-update.win32_1.0.0.201904181610/tools/bin/../lib/gcc/arm-none-eabi/7.3.1/../../../../arm-none-eabi/lib/thumb/v7-m\libc_nano.a(lib_a-nano-svfprintf.o)
                0x0000000008002820                _svfiprintf_r
                0x0000000008002820                _svfprintf_r
 .text._printf_common
                0x0000000008002a10       0xec c:/st/stm32cubeide_1.3.0/stm32cubeide/plugins/com.st.stm32cube.ide.mcu.externaltools.gnu-tools-for-stm32.7-2018-q2-update.win32_1.0.0.201904181610/tools/bin/../lib/gcc/arm-none-eabi/7.3.1/../../../../arm-none-eabi/lib/thumb/v7-m\libc_nano.a(lib_a-nano-vfprintf_i.o)
                0x0000000008002a10                _printf_common
 .text._printf_i
                0x0000000008002afc      0x224 c:/st/stm32cubeide_1.3.0/stm32cubeide/plugins/com.st.stm32cube.ide.mcu.externaltools.gnu-tools-for-stm32.7-2018-q2-update.win32_1.0.0.201904181610/tools/bin/../lib/gcc/arm-none-eabi/7.3.1/../../../../arm-none-eabi/lib/thumb/v7-m\libc_nano.a(lib_a-nano-vfprintf_i.o)
                0x0000000008002afc                _printf_i
 .text.memchr   0x0000000008002d20       0x1c c:/st/stm32cubeide_1.3.0/stm32cubeide/plugins/com.st.stm32cube.ide.mcu.externaltools.gnu-tools-for-stm32.7-2018-q2-update.win32_1.0.0.201904181610/tools/bin/../lib/gcc/arm-none-eabi/7.3.1/../../../../arm-none-eabi/lib/thumb/v7-m\libc_nano.a(lib_a-memchr-stub.o)
                0x0000000008002d20                memchr
 .text.memcpy   0x0000000008002d3c       0x16 c:/st/stm32cubeide_1.3.0/stm32cubeide/plugins/com.st.stm32cube.ide.mcu.externaltools.gnu-tools-for-stm32.7-2018-q2-update.win32_1.0.0.201904181610/tools/bin/../lib/gcc/arm-none-eabi/7.3.1/../../../../arm-none-eabi/lib/thumb/v7-m\libc_nano.a(lib_a-memcpy-stub.o)
                0x0000000008002d3c                memcpy
 .text.memmove  0x0000000008002d52       0x32 c:/st/stm32cubeide_1.3.0/stm32cubeide/plugins/com.st.stm32cube.ide.mcu.externaltools.gnu-tools-for-stm32.7-2018-q2-update.win32_1.0.0.201904181610/tools/bin/../lib/gcc/arm-none-eabi/7.3.1/../../../../arm-none-eabi/lib/thumb/v7-m\libc_nano.a(lib_a-memmove.o)
                0x0000000008002d52                memmove
 .text._free_r  0x0000000008002d84       0x98 c:/st/stm32cubeide_1.3.0/stm32cubeide/plugins/com.st.stm32cube.ide.mcu.externaltools.gnu-tools-for-stm32.7-2018-q2-update.win32_1.0.0.201904181610/tools/bin/../lib/gcc/arm-none-eabi/7.3.1/../../../../arm-none-eabi/lib/thumb/v7-m\libc_nano.a(lib_a-nano-freer.o)
                0x0000000008002d84                _free_r
 .text._malloc_r
                0x0000000008002e1c       0xb4 c:/st/stm32cubeide_1.3.0/stm32cubeide/plugins/com.st.stm32cube.ide.mcu.externaltools.gnu-tools-for-stm32.7-2018-q2-update.win32_1.0.0.201904181610/tools/bin/../lib/gcc/arm-none-eabi/7.3.1/../../../../arm-none-eabi/lib/thumb/v7-m\libc_nano.a(lib_a-nano-mallocr.o)
                0x0000000008002e1c                _malloc_r
 .text._realloc_r
                0x0000000008002ed0       0x4c c:/st/stm32cubeide_1.3.0/stm32cubeide/plugins/com.st.stm32cube.ide.mcu.externaltools.gnu-tools-for-stm32.7-2018-q2-update.win32_1.0.0.201904181610/tools/bin/../lib/gcc/arm-none-eabi/7.3.1/../../../../arm-none-eabi/lib/thumb/v7-m\libc_nano.a(lib_a-nano-reallocr.o)
                0x0000000008002ed0                _realloc_r
 .text._sbrk_r  0x0000000008002f1c       0x20 c:/st/stm32cubeide_1.3.0/stm32cubeide/plugins/com.st.stm32cube.ide.mcu.externaltools.gnu-tools-for-stm32.7-2018-q2-update.win32_1.0.0.201904181610/tools/bin/../lib/gcc/arm-none-eabi/7.3.1/../../../../arm-none-eabi/lib/thumb/v7-m\libc_nano.a(lib_a-sbrkr.o)
                0x0000000008002f1c                _sbrk_r
 .text.__malloc_lock
                0x0000000008002f3c        0x2 c:/st/stm32cubeide_1.3.0/stm32cubeide/plugins/com.st.stm32cube.ide.mcu.externaltools.gnu-tools-for-stm32.7-2018-q2-update.win32_1.0.0.201904181610/tools/bin/../lib/gcc/arm-none-eabi/7.3.1/../../../../arm-none-eabi/lib/thumb/v7-m\libc_nano.a(lib_a-mlock.o)
                0x0000000008002f3c                __malloc_lock
 .text.__malloc_unlock
                0x0000000008002f3e        0x2 c:/st/stm32cubeide_1.3.0/stm32cubeide/plugins/com.st.stm32cube.ide.mcu.externaltools.gnu-tools-for-stm32.7-2018-q2-update.win32_1.0.0.201904181610/tools/bin/../lib/gcc/arm-none-eabi/7.3.1/../../../../arm-none-eabi/lib/thumb/v7-m\libc_nano.a(lib_a-mlock.o)
                0x0000000008002f3e                __malloc_unlock
 .text._malloc_usable_size_r
                0x0000000008002f40       0x10 c:/st/stm32cubeide_1.3.0/stm32cubeide/plugins/com.st.stm32cube.ide.mcu.externaltools.gnu-tools-for-stm32.7-2018-q2-update.win32_1.0.0.201904181610/tools/bin/../lib/gcc/arm-none-eabi/7.3.1/../../../../arm-none-eabi/lib/thumb/v7-m\libc_nano.a(lib_a-nano-msizer.o)
                0x0000000008002f40                _malloc_usable_size_r
 *(.glue_7)
 .glue_7        0x0000000008002f50        0x0 linker stubs
 *(.glue_7t)
 .glue_7t       0x0000000008002f50        0x0 linker stubs
 *(.eh_frame)
 .eh_frame      0x0000000008002f50        0x0 c:/st/stm32cubeide_1.3.0/stm32cubeide/plugins/com.st.stm32cube.ide.mcu.externaltools.gnu-tools-for-stm32.7-2018-q2-update.win32_1.0.0.201904181610/tools/bin/../lib/gcc/arm-none-eabi/7.3.1/thumb/v7-m/crtbegin.o
 *(.init)
 .init          0x0000000008002f50        0x4 c:/st/stm32cubeide_1.3.0/stm32cubeide/plugins/com.st.stm32cube.ide.mcu.externaltools.gnu-tools-for-stm32.7-2018-q2-update.win32_1.0.0.201904181610/tools/bin/../lib/gcc/arm-none-eabi/7.3.1/thumb/v7-m/crti.o
                0x0000000008002f50                _init
 .init          0x0000000008002f54        0x8 c:/st/stm32cubeide_1.3.0/stm32cubeide/plugins/com.st.stm32cube.ide.mcu.externaltools.gnu-tools-for-stm32.7-2018-q2-update.win32_1.0.0.201904181610/tools/bin/../lib/gcc/arm-none-eabi/7.3.1/thumb/v7-m/crtn.o
 *(.fini)
 .fini          0x0000000008002f5c        0x4 c:/st/stm32cubeide_1.3.0/stm32cubeide/plugins/com.st.stm32cube.ide.mcu.externaltools.gnu-tools-for-stm32.7-2018-q2-update.win32_1.0.0.201904181610/tools/bin/../lib/gcc/arm-none-eabi/7.3.1/thumb/v7-m/crti.o
                0x0000000008002f5c                _fini
 .fini          0x0000000008002f60        0x8 c:/st/stm32cubeide_1.3.0/stm32cubeide/plugins/com.st.stm32cube.ide.mcu.externaltools.gnu-tools-for-stm32.7-2018-q2-update.win32_1.0.0.201904181610/tools/bin/../lib/gcc/arm-none-eabi/7.3.1/thumb/v7-m/crtn.o
                0x0000000008002f68                . = ALIGN (0x4)
                0x0000000008002f68                _etext = .

.vfp11_veneer   0x0000000008002f68        0x0
 .vfp11_veneer  0x0000000008002f68        0x0 linker stubs

.v4_bx          0x0000000008002f68        0x0
 .v4_bx         0x0000000008002f68        0x0 linker stubs

.iplt           0x0000000008002f68        0x0
 .iplt          0x0000000008002f68        0x0 c:/st/stm32cubeide_1.3.0/stm32cubeide/plugins/com.st.stm32cube.ide.mcu.externaltools.gnu-tools-for-stm32.7-2018-q2-update.win32_1.0.0.201904181610/tools/bin/../lib/gcc/arm-none-eabi/7.3.1/thumb/v7-m/crtbegin.o

.rodata         0x0000000008002f68       0xa0
                0x0000000008002f68                . = ALIGN (0x4)
 *(.rodata)
 .rodata        0x0000000008002f68       0x2b Core/Src/main.o
 *fill*         0x0000000008002f93        0x1 
 .rodata        0x0000000008002f94       0x12 Drivers/STM32F1xx_HAL_Driver/Src/stm32f1xx_hal_rcc.o
 *fill*         0x0000000008002fa6        0x2 
 .rodata        0x0000000008002fa8       0x12 Drivers/STM32F1xx_HAL_Driver/Src/stm32f1xx_hal_rcc_ex.o
 *(.rodata*)
 *fill*         0x0000000008002fba        0x2 
 .rodata.AHBPrescTable
                0x0000000008002fbc       0x10 Core/Src/system_stm32f1xx.o
                0x0000000008002fbc                AHBPrescTable
 .rodata.APBPrescTable
                0x0000000008002fcc        0x8 Core/Src/system_stm32f1xx.o
                0x0000000008002fcc                APBPrescTable
 .rodata._svfprintf_r.str1.1
                0x0000000008002fd4       0x11 c:/st/stm32cubeide_1.3.0/stm32cubeide/plugins/com.st.stm32cube.ide.mcu.externaltools.gnu-tools-for-stm32.7-2018-q2-update.win32_1.0.0.201904181610/tools/bin/../lib/gcc/arm-none-eabi/7.3.1/../../../../arm-none-eabi/lib/thumb/v7-m\libc_nano.a(lib_a-nano-svfprintf.o)
 .rodata._printf_i.str1.1
                0x0000000008002fe5       0x22 c:/st/stm32cubeide_1.3.0/stm32cubeide/plugins/com.st.stm32cube.ide.mcu.externaltools.gnu-tools-for-stm32.7-2018-q2-update.win32_1.0.0.201904181610/tools/bin/../lib/gcc/arm-none-eabi/7.3.1/../../../../arm-none-eabi/lib/thumb/v7-m\libc_nano.a(lib_a-nano-vfprintf_i.o)
                0x0000000008003008                . = ALIGN (0x4)
 *fill*         0x0000000008003007        0x1 

.rel.dyn        0x0000000008003008        0x0
 .rel.iplt      0x0000000008003008        0x0 c:/st/stm32cubeide_1.3.0/stm32cubeide/plugins/com.st.stm32cube.ide.mcu.externaltools.gnu-tools-for-stm32.7-2018-q2-update.win32_1.0.0.201904181610/tools/bin/../lib/gcc/arm-none-eabi/7.3.1/thumb/v7-m/crtbegin.o

.ARM.extab      0x0000000008003008        0x0
                0x0000000008003008                . = ALIGN (0x4)
 *(.ARM.extab* .gnu.linkonce.armextab.*)
                0x0000000008003008                . = ALIGN (0x4)

.ARM            0x0000000008003008        0x0
                0x0000000008003008                . = ALIGN (0x4)
                0x0000000008003008                __exidx_start = .
 *(.ARM.exidx*)
                0x0000000008003008                __exidx_end = .
                0x0000000008003008                . = ALIGN (0x4)

.preinit_array  0x0000000008003008        0x0
                0x0000000008003008                . = ALIGN (0x4)
                0x0000000008003008                PROVIDE (__preinit_array_start = .)
 *(.preinit_array*)
                0x0000000008003008                PROVIDE (__preinit_array_end = .)
                0x0000000008003008                . = ALIGN (0x4)

.init_array     0x0000000008003008        0x4
                0x0000000008003008                . = ALIGN (0x4)
                0x0000000008003008                PROVIDE (__init_array_start = .)
 *(SORT_BY_NAME(.init_array.*))
 *(.init_array*)
 .init_array    0x0000000008003008        0x4 c:/st/stm32cubeide_1.3.0/stm32cubeide/plugins/com.st.stm32cube.ide.mcu.externaltools.gnu-tools-for-stm32.7-2018-q2-update.win32_1.0.0.201904181610/tools/bin/../lib/gcc/arm-none-eabi/7.3.1/thumb/v7-m/crtbegin.o
                0x000000000800300c                PROVIDE (__init_array_end = .)
                0x000000000800300c                . = ALIGN (0x4)

.fini_array     0x000000000800300c        0x4
                0x000000000800300c                . = ALIGN (0x4)
                [!provide]                        PROVIDE (__fini_array_start = .)
 *(SORT_BY_NAME(.fini_array.*))
 *(.fini_array*)
 .fini_array    0x000000000800300c        0x4 c:/st/stm32cubeide_1.3.0/stm32cubeide/plugins/com.st.stm32cube.ide.mcu.externaltools.gnu-tools-for-stm32.7-2018-q2-update.win32_1.0.0.201904181610/tools/bin/../lib/gcc/arm-none-eabi/7.3.1/thumb/v7-m/crtbegin.o
                [!provide]                        PROVIDE (__fini_array_end = .)
                0x0000000008003010                . = ALIGN (0x4)
                0x0000000008003010                _sidata = LOADADDR (.data)

.data           0x0000000020000000       0x70 load address 0x0000000008003010
                0x0000000020000000                . = ALIGN (0x4)
                0x0000000020000000                _sdata = .
 *(.data)
 *(.data*)
 .data.SystemCoreClock
                0x0000000020000000        0x4 Core/Src/system_stm32f1xx.o
                0x0000000020000000                SystemCoreClock
 .data.uwTickPrio
                0x0000000020000004        0x4 Drivers/STM32F1xx_HAL_Driver/Src/stm32f1xx_hal.o
                0x0000000020000004                uwTickPrio
 .data.uwTickFreq
                0x0000000020000008        0x1 Drivers/STM32F1xx_HAL_Driver/Src/stm32f1xx_hal.o
                0x0000000020000008                uwTickFreq
 *fill*         0x0000000020000009        0x3 
 .data._impure_ptr
                0x000000002000000c        0x4 c:/st/stm32cubeide_1.3.0/stm32cubeide/plugins/com.st.stm32cube.ide.mcu.externaltools.gnu-tools-for-stm32.7-2018-q2-update.win32_1.0.0.201904181610/tools/bin/../lib/gcc/arm-none-eabi/7.3.1/../../../../arm-none-eabi/lib/thumb/v7-m\libc_nano.a(lib_a-impure.o)
                0x000000002000000c                _impure_ptr
 .data.impure_data
                0x0000000020000010       0x60 c:/st/stm32cubeide_1.3.0/stm32cubeide/plugins/com.st.stm32cube.ide.mcu.externaltools.gnu-tools-for-stm32.7-2018-q2-update.win32_1.0.0.201904181610/tools/bin/../lib/gcc/arm-none-eabi/7.3.1/../../../../arm-none-eabi/lib/thumb/v7-m\libc_nano.a(lib_a-impure.o)
                0x0000000020000070                . = ALIGN (0x4)
                0x0000000020000070                _edata = .

.igot.plt       0x0000000020000070        0x0 load address 0x0000000008003080
 .igot.plt      0x0000000020000070        0x0 c:/st/stm32cubeide_1.3.0/stm32cubeide/plugins/com.st.stm32cube.ide.mcu.externaltools.gnu-tools-for-stm32.7-2018-q2-update.win32_1.0.0.201904181610/tools/bin/../lib/gcc/arm-none-eabi/7.3.1/thumb/v7-m/crtbegin.o
                0x0000000020000070                . = ALIGN (0x4)

.bss            0x0000000020000070       0x70 load address 0x0000000008003080
                0x0000000020000070                _sbss = .
                0x0000000020000070                __bss_start__ = _sbss
 *(.bss)
 .bss           0x0000000020000070       0x1c c:/st/stm32cubeide_1.3.0/stm32cubeide/plugins/com.st.stm32cube.ide.mcu.externaltools.gnu-tools-for-stm32.7-2018-q2-update.win32_1.0.0.201904181610/tools/bin/../lib/gcc/arm-none-eabi/7.3.1/thumb/v7-m/crtbegin.o
 *(.bss*)
 .bss.channel   0x000000002000008c        0x1 Core/Src/main.o
                0x000000002000008c                channel
 *fill*         0x000000002000008d        0x3 
 .bss.heap_end.5149
                0x0000000020000090        0x4 Core/Src/sysmem.o
 .bss.__malloc_free_list
                0x0000000020000094        0x4 c:/st/stm32cubeide_1.3.0/stm32cubeide/plugins/com.st.stm32cube.ide.mcu.externaltools.gnu-tools-for-stm32.7-2018-q2-update.win32_1.0.0.201904181610/tools/bin/../lib/gcc/arm-none-eabi/7.3.1/../../../../arm-none-eabi/lib/thumb/v7-m\libc_nano.a(lib_a-nano-mallocr.o)
                0x0000000020000094                __malloc_free_list
 .bss.__malloc_sbrk_start
                0x0000000020000098        0x4 c:/st/stm32cubeide_1.3.0/stm32cubeide/plugins/com.st.stm32cube.ide.mcu.externaltools.gnu-tools-for-stm32.7-2018-q2-update.win32_1.0.0.201904181610/tools/bin/../lib/gcc/arm-none-eabi/7.3.1/../../../../arm-none-eabi/lib/thumb/v7-m\libc_nano.a(lib_a-nano-mallocr.o)
                0x0000000020000098                __malloc_sbrk_start
 *(COMMON)
 COMMON         0x000000002000009c       0x3c Core/Src/main.o
                0x000000002000009c                ostCeo
                0x00000000200000a0                ost
                0x00000000200000a4                hadc1
                0x00000000200000d4                ceo
 COMMON         0x00000000200000d8        0x4 Drivers/STM32F1xx_HAL_Driver/Src/stm32f1xx_hal.o
                0x00000000200000d8                uwTick
 COMMON         0x00000000200000dc        0x4 c:/st/stm32cubeide_1.3.0/stm32cubeide/plugins/com.st.stm32cube.ide.mcu.externaltools.gnu-tools-for-stm32.7-2018-q2-update.win32_1.0.0.201904181610/tools/bin/../lib/gcc/arm-none-eabi/7.3.1/../../../../arm-none-eabi/lib/thumb/v7-m\libc_nano.a(lib_a-reent.o)
                0x00000000200000dc                errno
                0x00000000200000e0                . = ALIGN (0x4)
                0x00000000200000e0                _ebss = .
                0x00000000200000e0                __bss_end__ = _ebss

._user_heap_stack
                0x00000000200000e0      0x600 load address 0x0000000008003080
                0x00000000200000e0                . = ALIGN (0x8)
                0x00000000200000e0                PROVIDE (end = .)
                [!provide]                        PROVIDE (_end = .)
                0x00000000200002e0                . = (. + _Min_Heap_Size)
 *fill*         0x00000000200000e0      0x200 
                0x00000000200006e0                . = (. + _Min_Stack_Size)
 *fill*         0x00000000200002e0      0x400 
                0x00000000200006e0                . = ALIGN (0x8)

/DISCARD/
 libc.a(*)
 libm.a(*)
 libgcc.a(*)

.ARM.attributes
                0x0000000000000000       0x29
 *(.ARM.attributes)
 .ARM.attributes
                0x0000000000000000       0x1d c:/st/stm32cubeide_1.3.0/stm32cubeide/plugins/com.st.stm32cube.ide.mcu.externaltools.gnu-tools-for-stm32.7-2018-q2-update.win32_1.0.0.201904181610/tools/bin/../lib/gcc/arm-none-eabi/7.3.1/thumb/v7-m/crti.o
 .ARM.attributes
                0x000000000000001d       0x2d c:/st/stm32cubeide_1.3.0/stm32cubeide/plugins/com.st.stm32cube.ide.mcu.externaltools.gnu-tools-for-stm32.7-2018-q2-update.win32_1.0.0.201904181610/tools/bin/../lib/gcc/arm-none-eabi/7.3.1/thumb/v7-m/crtbegin.o
 .ARM.attributes
                0x000000000000004a       0x33 Core/Src/main.o
 .ARM.attributes
                0x000000000000007d       0x33 Core/Src/stm32f1xx_hal_msp.o
 .ARM.attributes
                0x00000000000000b0       0x33 Core/Src/stm32f1xx_it.o
 .ARM.attributes
                0x00000000000000e3       0x33 Core/Src/sysmem.o
 .ARM.attributes
                0x0000000000000116       0x33 Core/Src/system_stm32f1xx.o
 .ARM.attributes
                0x0000000000000149       0x21 Core/Startup/startup_stm32f103c6tx.o
 .ARM.attributes
                0x000000000000016a       0x33 Drivers/STM32F1xx_HAL_Driver/Src/stm32f1xx_hal.o
 .ARM.attributes
                0x000000000000019d       0x33 Drivers/STM32F1xx_HAL_Driver/Src/stm32f1xx_hal_adc.o
 .ARM.attributes
                0x00000000000001d0       0x33 Drivers/STM32F1xx_HAL_Driver/Src/stm32f1xx_hal_cortex.o
 .ARM.attributes
                0x0000000000000203       0x33 Drivers/STM32F1xx_HAL_Driver/Src/stm32f1xx_hal_gpio.o
 .ARM.attributes
                0x0000000000000236       0x33 Drivers/STM32F1xx_HAL_Driver/Src/stm32f1xx_hal_rcc.o
 .ARM.attributes
                0x0000000000000269       0x33 Drivers/STM32F1xx_HAL_Driver/Src/stm32f1xx_hal_rcc_ex.o
 .ARM.attributes
                0x000000000000029c       0x2d c:/st/stm32cubeide_1.3.0/stm32cubeide/plugins/com.st.stm32cube.ide.mcu.externaltools.gnu-tools-for-stm32.7-2018-q2-update.win32_1.0.0.201904181610/tools/bin/../lib/gcc/arm-none-eabi/7.3.1/../../../../arm-none-eabi/lib/thumb/v7-m\libc_nano.a(lib_a-errno.o)
 .ARM.attributes
                0x00000000000002c9       0x2d c:/st/stm32cubeide_1.3.0/stm32cubeide/plugins/com.st.stm32cube.ide.mcu.externaltools.gnu-tools-for-stm32.7-2018-q2-update.win32_1.0.0.201904181610/tools/bin/../lib/gcc/arm-none-eabi/7.3.1/../../../../arm-none-eabi/lib/thumb/v7-m\libc_nano.a(lib_a-impure.o)
 .ARM.attributes
                0x00000000000002f6       0x2d c:/st/stm32cubeide_1.3.0/stm32cubeide/plugins/com.st.stm32cube.ide.mcu.externaltools.gnu-tools-for-stm32.7-2018-q2-update.win32_1.0.0.201904181610/tools/bin/../lib/gcc/arm-none-eabi/7.3.1/../../../../arm-none-eabi/lib/thumb/v7-m\libc_nano.a(lib_a-init.o)
 .ARM.attributes
                0x0000000000000323       0x2d c:/st/stm32cubeide_1.3.0/stm32cubeide/plugins/com.st.stm32cube.ide.mcu.externaltools.gnu-tools-for-stm32.7-2018-q2-update.win32_1.0.0.201904181610/tools/bin/../lib/gcc/arm-none-eabi/7.3.1/../../../../arm-none-eabi/lib/thumb/v7-m\libc_nano.a(lib_a-memset.o)
 .ARM.attributes
                0x0000000000000350       0x2d c:/st/stm32cubeide_1.3.0/stm32cubeide/plugins/com.st.stm32cube.ide.mcu.externaltools.gnu-tools-for-stm32.7-2018-q2-update.win32_1.0.0.201904181610/tools/bin/../lib/gcc/arm-none-eabi/7.3.1/../../../../arm-none-eabi/lib/thumb/v7-m\libc_nano.a(lib_a-sprintf.o)
 .ARM.attributes
                0x000000000000037d       0x2d c:/st/stm32cubeide_1.3.0/stm32cubeide/plugins/com.st.stm32cube.ide.mcu.externaltools.gnu-tools-for-stm32.7-2018-q2-update.win32_1.0.0.201904181610/tools/bin/../lib/gcc/arm-none-eabi/7.3.1/../../../../arm-none-eabi/lib/thumb/v7-m\libc_nano.a(lib_a-nano-svfprintf.o)
 .ARM.attributes
                0x00000000000003aa       0x2d c:/st/stm32cubeide_1.3.0/stm32cubeide/plugins/com.st.stm32cube.ide.mcu.externaltools.gnu-tools-for-stm32.7-2018-q2-update.win32_1.0.0.201904181610/tools/bin/../lib/gcc/arm-none-eabi/7.3.1/../../../../arm-none-eabi/lib/thumb/v7-m\libc_nano.a(lib_a-nano-vfprintf_i.o)
 .ARM.attributes
                0x00000000000003d7       0x2d c:/st/stm32cubeide_1.3.0/stm32cubeide/plugins/com.st.stm32cube.ide.mcu.externaltools.gnu-tools-for-stm32.7-2018-q2-update.win32_1.0.0.201904181610/tools/bin/../lib/gcc/arm-none-eabi/7.3.1/../../../../arm-none-eabi/lib/thumb/v7-m\libc_nano.a(lib_a-memchr-stub.o)
 .ARM.attributes
                0x0000000000000404       0x2d c:/st/stm32cubeide_1.3.0/stm32cubeide/plugins/com.st.stm32cube.ide.mcu.externaltools.gnu-tools-for-stm32.7-2018-q2-update.win32_1.0.0.201904181610/tools/bin/../lib/gcc/arm-none-eabi/7.3.1/../../../../arm-none-eabi/lib/thumb/v7-m\libc_nano.a(lib_a-memcpy-stub.o)
 .ARM.attributes
                0x0000000000000431       0x2d c:/st/stm32cubeide_1.3.0/stm32cubeide/plugins/com.st.stm32cube.ide.mcu.externaltools.gnu-tools-for-stm32.7-2018-q2-update.win32_1.0.0.201904181610/tools/bin/../lib/gcc/arm-none-eabi/7.3.1/../../../../arm-none-eabi/lib/thumb/v7-m\libc_nano.a(lib_a-memmove.o)
 .ARM.attributes
                0x000000000000045e       0x2d c:/st/stm32cubeide_1.3.0/stm32cubeide/plugins/com.st.stm32cube.ide.mcu.externaltools.gnu-tools-for-stm32.7-2018-q2-update.win32_1.0.0.201904181610/tools/bin/../lib/gcc/arm-none-eabi/7.3.1/../../../../arm-none-eabi/lib/thumb/v7-m\libc_nano.a(lib_a-nano-freer.o)
 .ARM.attributes
                0x000000000000048b       0x2d c:/st/stm32cubeide_1.3.0/stm32cubeide/plugins/com.st.stm32cube.ide.mcu.externaltools.gnu-tools-for-stm32.7-2018-q2-update.win32_1.0.0.201904181610/tools/bin/../lib/gcc/arm-none-eabi/7.3.1/../../../../arm-none-eabi/lib/thumb/v7-m\libc_nano.a(lib_a-nano-mallocr.o)
 .ARM.attributes
                0x00000000000004b8       0x2d c:/st/stm32cubeide_1.3.0/stm32cubeide/plugins/com.st.stm32cube.ide.mcu.externaltools.gnu-tools-for-stm32.7-2018-q2-update.win32_1.0.0.201904181610/tools/bin/../lib/gcc/arm-none-eabi/7.3.1/../../../../arm-none-eabi/lib/thumb/v7-m\libc_nano.a(lib_a-nano-reallocr.o)
 .ARM.attributes
                0x00000000000004e5       0x2d c:/st/stm32cubeide_1.3.0/stm32cubeide/plugins/com.st.stm32cube.ide.mcu.externaltools.gnu-tools-for-stm32.7-2018-q2-update.win32_1.0.0.201904181610/tools/bin/../lib/gcc/arm-none-eabi/7.3.1/../../../../arm-none-eabi/lib/thumb/v7-m\libc_nano.a(lib_a-sbrkr.o)
 .ARM.attributes
                0x0000000000000512       0x2d c:/st/stm32cubeide_1.3.0/stm32cubeide/plugins/com.st.stm32cube.ide.mcu.externaltools.gnu-tools-for-stm32.7-2018-q2-update.win32_1.0.0.201904181610/tools/bin/../lib/gcc/arm-none-eabi/7.3.1/../../../../arm-none-eabi/lib/thumb/v7-m\libc_nano.a(lib_a-mlock.o)
 .ARM.attributes
                0x000000000000053f       0x2d c:/st/stm32cubeide_1.3.0/stm32cubeide/plugins/com.st.stm32cube.ide.mcu.externaltools.gnu-tools-for-stm32.7-2018-q2-update.win32_1.0.0.201904181610/tools/bin/../lib/gcc/arm-none-eabi/7.3.1/../../../../arm-none-eabi/lib/thumb/v7-m\libc_nano.a(lib_a-nano-msizer.o)
 .ARM.attributes
                0x000000000000056c       0x2d c:/st/stm32cubeide_1.3.0/stm32cubeide/plugins/com.st.stm32cube.ide.mcu.externaltools.gnu-tools-for-stm32.7-2018-q2-update.win32_1.0.0.201904181610/tools/bin/../lib/gcc/arm-none-eabi/7.3.1/../../../../arm-none-eabi/lib/thumb/v7-m\libc_nano.a(lib_a-reent.o)
 .ARM.attributes
                0x0000000000000599       0x1d c:/st/stm32cubeide_1.3.0/stm32cubeide/plugins/com.st.stm32cube.ide.mcu.externaltools.gnu-tools-for-stm32.7-2018-q2-update.win32_1.0.0.201904181610/tools/bin/../lib/gcc/arm-none-eabi/7.3.1/thumb/v7-m\libgcc.a(_arm_addsubsf3.o)
 .ARM.attributes
                0x00000000000005b6       0x1d c:/st/stm32cubeide_1.3.0/stm32cubeide/plugins/com.st.stm32cube.ide.mcu.externaltools.gnu-tools-for-stm32.7-2018-q2-update.win32_1.0.0.201904181610/tools/bin/../lib/gcc/arm-none-eabi/7.3.1/thumb/v7-m\libgcc.a(_arm_muldivsf3.o)
 .ARM.attributes
                0x00000000000005d3       0x1d c:/st/stm32cubeide_1.3.0/stm32cubeide/plugins/com.st.stm32cube.ide.mcu.externaltools.gnu-tools-for-stm32.7-2018-q2-update.win32_1.0.0.201904181610/tools/bin/../lib/gcc/arm-none-eabi/7.3.1/thumb/v7-m\libgcc.a(_arm_fixsfsi.o)
 .ARM.attributes
                0x00000000000005f0       0x1d c:/st/stm32cubeide_1.3.0/stm32cubeide/plugins/com.st.stm32cube.ide.mcu.externaltools.gnu-tools-for-stm32.7-2018-q2-update.win32_1.0.0.201904181610/tools/bin/../lib/gcc/arm-none-eabi/7.3.1/thumb/v7-m/crtn.o
OUTPUT(zavrsni_1.elf elf32-littlearm)

.debug_info     0x0000000000000000     0x5bb3
 .debug_info    0x0000000000000000     0x13f6 Core/Src/main.o
 .debug_info    0x00000000000013f6      0x831 Core/Src/stm32f1xx_hal_msp.o
 .debug_info    0x0000000000001c27      0x231 Core/Src/stm32f1xx_it.o
 .debug_info    0x0000000000001e58      0x91c Core/Src/sysmem.o
 .debug_info    0x0000000000002774      0x29a Core/Src/system_stm32f1xx.o
 .debug_info    0x0000000000002a0e       0x22 Core/Startup/startup_stm32f103c6tx.o
 .debug_info    0x0000000000002a30      0x6f6 Drivers/STM32F1xx_HAL_Driver/Src/stm32f1xx_hal.o
 .debug_info    0x0000000000003126      0xc6c Drivers/STM32F1xx_HAL_Driver/Src/stm32f1xx_hal_adc.o
 .debug_info    0x0000000000003d92      0xb33 Drivers/STM32F1xx_HAL_Driver/Src/stm32f1xx_hal_cortex.o
 .debug_info    0x00000000000048c5      0x69b Drivers/STM32F1xx_HAL_Driver/Src/stm32f1xx_hal_gpio.o
 .debug_info    0x0000000000004f60      0x80f Drivers/STM32F1xx_HAL_Driver/Src/stm32f1xx_hal_rcc.o
 .debug_info    0x000000000000576f      0x444 Drivers/STM32F1xx_HAL_Driver/Src/stm32f1xx_hal_rcc_ex.o

.debug_abbrev   0x0000000000000000     0x141f
 .debug_abbrev  0x0000000000000000      0x2e3 Core/Src/main.o
 .debug_abbrev  0x00000000000002e3      0x18c Core/Src/stm32f1xx_hal_msp.o
 .debug_abbrev  0x000000000000046f       0xc6 Core/Src/stm32f1xx_it.o
 .debug_abbrev  0x0000000000000535      0x1bb Core/Src/sysmem.o
 .debug_abbrev  0x00000000000006f0      0x134 Core/Src/system_stm32f1xx.o
 .debug_abbrev  0x0000000000000824       0x12 Core/Startup/startup_stm32f103c6tx.o
 .debug_abbrev  0x0000000000000836      0x1c7 Drivers/STM32F1xx_HAL_Driver/Src/stm32f1xx_hal.o
 .debug_abbrev  0x00000000000009fd      0x1d5 Drivers/STM32F1xx_HAL_Driver/Src/stm32f1xx_hal_adc.o
 .debug_abbrev  0x0000000000000bd2      0x2d5 Drivers/STM32F1xx_HAL_Driver/Src/stm32f1xx_hal_cortex.o
 .debug_abbrev  0x0000000000000ea7      0x1c0 Drivers/STM32F1xx_HAL_Driver/Src/stm32f1xx_hal_gpio.o
 .debug_abbrev  0x0000000000001067      0x243 Drivers/STM32F1xx_HAL_Driver/Src/stm32f1xx_hal_rcc.o
 .debug_abbrev  0x00000000000012aa      0x175 Drivers/STM32F1xx_HAL_Driver/Src/stm32f1xx_hal_rcc_ex.o

.debug_aranges  0x0000000000000000      0x550
 .debug_aranges
                0x0000000000000000       0x60 Core/Src/main.o
 .debug_aranges
                0x0000000000000060       0x30 Core/Src/stm32f1xx_hal_msp.o
 .debug_aranges
                0x0000000000000090       0x68 Core/Src/stm32f1xx_it.o
 .debug_aranges
                0x00000000000000f8       0x20 Core/Src/sysmem.o
 .debug_aranges
                0x0000000000000118       0x28 Core/Src/system_stm32f1xx.o
 .debug_aranges
                0x0000000000000140       0x28 Core/Startup/startup_stm32f103c6tx.o
 .debug_aranges
                0x0000000000000168       0xe0 Drivers/STM32F1xx_HAL_Driver/Src/stm32f1xx_hal.o
 .debug_aranges
                0x0000000000000248       0xf0 Drivers/STM32F1xx_HAL_Driver/Src/stm32f1xx_hal_adc.o
 .debug_aranges
                0x0000000000000338      0x100 Drivers/STM32F1xx_HAL_Driver/Src/stm32f1xx_hal_cortex.o
 .debug_aranges
                0x0000000000000438       0x58 Drivers/STM32F1xx_HAL_Driver/Src/stm32f1xx_hal_gpio.o
 .debug_aranges
                0x0000000000000490       0x90 Drivers/STM32F1xx_HAL_Driver/Src/stm32f1xx_hal_rcc.o
 .debug_aranges
                0x0000000000000520       0x30 Drivers/STM32F1xx_HAL_Driver/Src/stm32f1xx_hal_rcc_ex.o

.debug_ranges   0x0000000000000000      0x498
 .debug_ranges  0x0000000000000000       0x50 Core/Src/main.o
 .debug_ranges  0x0000000000000050       0x20 Core/Src/stm32f1xx_hal_msp.o
 .debug_ranges  0x0000000000000070       0x58 Core/Src/stm32f1xx_it.o
 .debug_ranges  0x00000000000000c8       0x10 Core/Src/sysmem.o
 .debug_ranges  0x00000000000000d8       0x18 Core/Src/system_stm32f1xx.o
 .debug_ranges  0x00000000000000f0       0x20 Core/Startup/startup_stm32f103c6tx.o
 .debug_ranges  0x0000000000000110       0xd0 Drivers/STM32F1xx_HAL_Driver/Src/stm32f1xx_hal.o
 .debug_ranges  0x00000000000001e0       0xe0 Drivers/STM32F1xx_HAL_Driver/Src/stm32f1xx_hal_adc.o
 .debug_ranges  0x00000000000002c0       0xf0 Drivers/STM32F1xx_HAL_Driver/Src/stm32f1xx_hal_cortex.o
 .debug_ranges  0x00000000000003b0       0x48 Drivers/STM32F1xx_HAL_Driver/Src/stm32f1xx_hal_gpio.o
 .debug_ranges  0x00000000000003f8       0x80 Drivers/STM32F1xx_HAL_Driver/Src/stm32f1xx_hal_rcc.o
 .debug_ranges  0x0000000000000478       0x20 Drivers/STM32F1xx_HAL_Driver/Src/stm32f1xx_hal_rcc_ex.o

.debug_macro    0x0000000000000000    0x16e57
 .debug_macro   0x0000000000000000      0x2f7 Core/Src/main.o
 .debug_macro   0x00000000000002f7      0xa5a Core/Src/main.o
 .debug_macro   0x0000000000000d51      0x215 Core/Src/main.o
 .debug_macro   0x0000000000000f66       0x2e Core/Src/main.o
 .debug_macro   0x0000000000000f94       0x22 Core/Src/main.o
 .debug_macro   0x0000000000000fb6       0x22 Core/Src/main.o
 .debug_macro   0x0000000000000fd8       0x8e Core/Src/main.o
 .debug_macro   0x0000000000001066       0x51 Core/Src/main.o
 .debug_macro   0x00000000000010b7       0xef Core/Src/main.o
 .debug_macro   0x00000000000011a6       0x6a Core/Src/main.o
 .debug_macro   0x0000000000001210      0x1df Core/Src/main.o
 .debug_macro   0x00000000000013ef       0x1c Core/Src/main.o
 .debug_macro   0x000000000000140b       0x22 Core/Src/main.o
 .debug_macro   0x000000000000142d       0xc3 Core/Src/main.o
 .debug_macro   0x00000000000014f0      0xd23 Core/Src/main.o
 .debug_macro   0x0000000000002213     0xde75 Core/Src/main.o
 .debug_macro   0x0000000000010088       0x6d Core/Src/main.o
 .debug_macro   0x00000000000100f5     0x3468 Core/Src/main.o
 .debug_macro   0x000000000001355d      0x174 Core/Src/main.o
 .debug_macro   0x00000000000136d1       0x5c Core/Src/main.o
 .debug_macro   0x000000000001372d      0x5be Core/Src/main.o
 .debug_macro   0x0000000000013ceb      0x1b7 Core/Src/main.o
 .debug_macro   0x0000000000013ea2      0x1cb Core/Src/main.o
 .debug_macro   0x000000000001406d      0x114 Core/Src/main.o
 .debug_macro   0x0000000000014181      0x1b2 Core/Src/main.o
 .debug_macro   0x0000000000014333       0x27 Core/Src/main.o
 .debug_macro   0x000000000001435a      0x12f Core/Src/main.o
 .debug_macro   0x0000000000014489      0x1bc Core/Src/main.o
 .debug_macro   0x0000000000014645       0x34 Core/Src/main.o
 .debug_macro   0x0000000000014679       0x3c Core/Src/main.o
 .debug_macro   0x00000000000146b5       0x57 Core/Src/main.o
 .debug_macro   0x000000000001470c      0x46a Core/Src/main.o
 .debug_macro   0x0000000000014b76      0x1b5 Core/Src/main.o
 .debug_macro   0x0000000000014d2b       0x88 Core/Src/main.o
 .debug_macro   0x0000000000014db3      0x183 Core/Src/main.o
 .debug_macro   0x0000000000014f36      0x141 Core/Src/main.o
 .debug_macro   0x0000000000015077       0x69 Core/Src/main.o
 .debug_macro   0x00000000000150e0       0x46 Core/Src/main.o
 .debug_macro   0x0000000000015126       0x18 Core/Src/main.o
 .debug_macro   0x000000000001513e       0x3c Core/Src/main.o
 .debug_macro   0x000000000001517a       0x34 Core/Src/main.o
 .debug_macro   0x00000000000151ae       0x16 Core/Src/main.o
 .debug_macro   0x00000000000151c4       0x35 Core/Src/main.o
 .debug_macro   0x00000000000151f9      0x32a Core/Src/main.o
 .debug_macro   0x0000000000015523       0x10 Core/Src/main.o
 .debug_macro   0x0000000000015533       0x52 Core/Src/main.o
 .debug_macro   0x0000000000015585       0x1f Core/Src/main.o
 .debug_macro   0x00000000000155a4       0x43 Core/Src/main.o
 .debug_macro   0x00000000000155e7       0x20 Core/Src/main.o
 .debug_macro   0x0000000000015607      0x1a3 Core/Src/main.o
 .debug_macro   0x00000000000157aa       0x10 Core/Src/main.o
 .debug_macro   0x00000000000157ba       0x1c Core/Src/main.o
 .debug_macro   0x00000000000157d6       0x52 Core/Src/main.o
 .debug_macro   0x0000000000015828       0x40 Core/Src/main.o
 .debug_macro   0x0000000000015868       0x10 Core/Src/main.o
 .debug_macro   0x0000000000015878       0x40 Core/Src/main.o
 .debug_macro   0x00000000000158b8       0xd7 Core/Src/main.o
 .debug_macro   0x000000000001598f       0x1c Core/Src/main.o
 .debug_macro   0x00000000000159ab       0x3d Core/Src/main.o
 .debug_macro   0x00000000000159e8       0x16 Core/Src/main.o
 .debug_macro   0x00000000000159fe      0x145 Core/Src/main.o
 .debug_macro   0x0000000000015b43      0x1a1 Core/Src/stm32f1xx_hal_msp.o
 .debug_macro   0x0000000000015ce4      0x1ab Core/Src/stm32f1xx_it.o
 .debug_macro   0x0000000000015e8f      0x1ae Core/Src/sysmem.o
 .debug_macro   0x000000000001603d      0x23b Core/Src/sysmem.o
 .debug_macro   0x0000000000016278      0x197 Core/Src/system_stm32f1xx.o
 .debug_macro   0x000000000001640f      0x1bb Drivers/STM32F1xx_HAL_Driver/Src/stm32f1xx_hal.o
 .debug_macro   0x00000000000165ca      0x1b4 Drivers/STM32F1xx_HAL_Driver/Src/stm32f1xx_hal_adc.o
 .debug_macro   0x000000000001677e      0x197 Drivers/STM32F1xx_HAL_Driver/Src/stm32f1xx_hal_cortex.o
 .debug_macro   0x0000000000016915      0x202 Drivers/STM32F1xx_HAL_Driver/Src/stm32f1xx_hal_gpio.o
 .debug_macro   0x0000000000016b17      0x1a9 Drivers/STM32F1xx_HAL_Driver/Src/stm32f1xx_hal_rcc.o
 .debug_macro   0x0000000000016cc0      0x197 Drivers/STM32F1xx_HAL_Driver/Src/stm32f1xx_hal_rcc_ex.o

.debug_line     0x0000000000000000     0x5863
 .debug_line    0x0000000000000000      0x944 Core/Src/main.o
 .debug_line    0x0000000000000944      0x690 Core/Src/stm32f1xx_hal_msp.o
 .debug_line    0x0000000000000fd4      0x715 Core/Src/stm32f1xx_it.o
 .debug_line    0x00000000000016e9      0x55e Core/Src/sysmem.o
 .debug_line    0x0000000000001c47      0x687 Core/Src/system_stm32f1xx.o
 .debug_line    0x00000000000022ce       0x87 Core/Startup/startup_stm32f103c6tx.o
 .debug_line    0x0000000000002355      0x83a Drivers/STM32F1xx_HAL_Driver/Src/stm32f1xx_hal.o
 .debug_line    0x0000000000002b8f      0xb8f Drivers/STM32F1xx_HAL_Driver/Src/stm32f1xx_hal_adc.o
 .debug_line    0x000000000000371e      0x911 Drivers/STM32F1xx_HAL_Driver/Src/stm32f1xx_hal_cortex.o
 .debug_line    0x000000000000402f      0x822 Drivers/STM32F1xx_HAL_Driver/Src/stm32f1xx_hal_gpio.o
 .debug_line    0x0000000000004851      0x8fa Drivers/STM32F1xx_HAL_Driver/Src/stm32f1xx_hal_rcc.o
 .debug_line    0x000000000000514b      0x718 Drivers/STM32F1xx_HAL_Driver/Src/stm32f1xx_hal_rcc_ex.o

.debug_str      0x0000000000000000    0x82d80
 .debug_str     0x0000000000000000    0x8175d Core/Src/main.o
                                      0x81bf1 (size before relaxing)
 .debug_str     0x000000000008175d       0x81 Core/Src/stm32f1xx_hal_msp.o
                                      0x7d643 (size before relaxing)
 .debug_str     0x00000000000817de       0xce Core/Src/stm32f1xx_it.o
                                      0x7d303 (size before relaxing)
 .debug_str     0x00000000000818ac      0x4d1 Core/Src/sysmem.o
                                       0x7aeb (size before relaxing)
 .debug_str     0x0000000000081d7d       0x52 Core/Src/system_stm32f1xx.o
                                      0x7d2ae (size before relaxing)
 .debug_str     0x0000000000081dcf       0x36 Core/Startup/startup_stm32f103c6tx.o
                                         0x90 (size before relaxing)
 .debug_str     0x0000000000081e05      0x304 Drivers/STM32F1xx_HAL_Driver/Src/stm32f1xx_hal.o
                                      0x7d905 (size before relaxing)
 .debug_str     0x0000000000082109      0x36b Drivers/STM32F1xx_HAL_Driver/Src/stm32f1xx_hal_adc.o
                                      0x7d93e (size before relaxing)
 .debug_str     0x0000000000082474      0x300 Drivers/STM32F1xx_HAL_Driver/Src/stm32f1xx_hal_cortex.o
                                      0x7d90d (size before relaxing)
 .debug_str     0x0000000000082774      0x304 Drivers/STM32F1xx_HAL_Driver/Src/stm32f1xx_hal_gpio.o
                                      0x7d672 (size before relaxing)
 .debug_str     0x0000000000082a78      0x24f Drivers/STM32F1xx_HAL_Driver/Src/stm32f1xx_hal_rcc.o
                                      0x7d6ab (size before relaxing)
 .debug_str     0x0000000000082cc7       0xb9 Drivers/STM32F1xx_HAL_Driver/Src/stm32f1xx_hal_rcc_ex.o
                                      0x7d438 (size before relaxing)

.comment        0x0000000000000000       0x7b
 .comment       0x0000000000000000       0x7b Core/Src/main.o
                                         0x7c (size before relaxing)
 .comment       0x000000000000007b       0x7c Core/Src/stm32f1xx_hal_msp.o
 .comment       0x000000000000007b       0x7c Core/Src/stm32f1xx_it.o
 .comment       0x000000000000007b       0x7c Core/Src/sysmem.o
 .comment       0x000000000000007b       0x7c Core/Src/system_stm32f1xx.o
 .comment       0x000000000000007b       0x7c Drivers/STM32F1xx_HAL_Driver/Src/stm32f1xx_hal.o
 .comment       0x000000000000007b       0x7c Drivers/STM32F1xx_HAL_Driver/Src/stm32f1xx_hal_adc.o
 .comment       0x000000000000007b       0x7c Drivers/STM32F1xx_HAL_Driver/Src/stm32f1xx_hal_cortex.o
 .comment       0x000000000000007b       0x7c Drivers/STM32F1xx_HAL_Driver/Src/stm32f1xx_hal_gpio.o
 .comment       0x000000000000007b       0x7c Drivers/STM32F1xx_HAL_Driver/Src/stm32f1xx_hal_rcc.o
 .comment       0x000000000000007b       0x7c Drivers/STM32F1xx_HAL_Driver/Src/stm32f1xx_hal_rcc_ex.o

.debug_frame    0x0000000000000000     0x1734
 .debug_frame   0x0000000000000000      0x14c Core/Src/main.o
 .debug_frame   0x000000000000014c       0x80 Core/Src/stm32f1xx_hal_msp.o
 .debug_frame   0x00000000000001cc      0x128 Core/Src/stm32f1xx_it.o
 .debug_frame   0x00000000000002f4       0x34 Core/Src/sysmem.o
 .debug_frame   0x0000000000000328       0x58 Core/Src/system_stm32f1xx.o
 .debug_frame   0x0000000000000380      0x334 Drivers/STM32F1xx_HAL_Driver/Src/stm32f1xx_hal.o
 .debug_frame   0x00000000000006b4      0x40c Drivers/STM32F1xx_HAL_Driver/Src/stm32f1xx_hal_adc.o
 .debug_frame   0x0000000000000ac0      0x428 Drivers/STM32F1xx_HAL_Driver/Src/stm32f1xx_hal_cortex.o
 .debug_frame   0x0000000000000ee8      0x14c Drivers/STM32F1xx_HAL_Driver/Src/stm32f1xx_hal_gpio.o
 .debug_frame   0x0000000000001034      0x21c Drivers/STM32F1xx_HAL_Driver/Src/stm32f1xx_hal_rcc.o
 .debug_frame   0x0000000000001250       0x84 Drivers/STM32F1xx_HAL_Driver/Src/stm32f1xx_hal_rcc_ex.o
 .debug_frame   0x00000000000012d4       0x20 c:/st/stm32cubeide_1.3.0/stm32cubeide/plugins/com.st.stm32cube.ide.mcu.externaltools.gnu-tools-for-stm32.7-2018-q2-update.win32_1.0.0.201904181610/tools/bin/../lib/gcc/arm-none-eabi/7.3.1/../../../../arm-none-eabi/lib/thumb/v7-m\libc_nano.a(lib_a-errno.o)
 .debug_frame   0x00000000000012f4       0x2c c:/st/stm32cubeide_1.3.0/stm32cubeide/plugins/com.st.stm32cube.ide.mcu.externaltools.gnu-tools-for-stm32.7-2018-q2-update.win32_1.0.0.201904181610/tools/bin/../lib/gcc/arm-none-eabi/7.3.1/../../../../arm-none-eabi/lib/thumb/v7-m\libc_nano.a(lib_a-init.o)
 .debug_frame   0x0000000000001320       0x20 c:/st/stm32cubeide_1.3.0/stm32cubeide/plugins/com.st.stm32cube.ide.mcu.externaltools.gnu-tools-for-stm32.7-2018-q2-update.win32_1.0.0.201904181610/tools/bin/../lib/gcc/arm-none-eabi/7.3.1/../../../../arm-none-eabi/lib/thumb/v7-m\libc_nano.a(lib_a-memset.o)
 .debug_frame   0x0000000000001340       0x6c c:/st/stm32cubeide_1.3.0/stm32cubeide/plugins/com.st.stm32cube.ide.mcu.externaltools.gnu-tools-for-stm32.7-2018-q2-update.win32_1.0.0.201904181610/tools/bin/../lib/gcc/arm-none-eabi/7.3.1/../../../../arm-none-eabi/lib/thumb/v7-m\libc_nano.a(lib_a-sprintf.o)
 .debug_frame   0x00000000000013ac       0x90 c:/st/stm32cubeide_1.3.0/stm32cubeide/plugins/com.st.stm32cube.ide.mcu.externaltools.gnu-tools-for-stm32.7-2018-q2-update.win32_1.0.0.201904181610/tools/bin/../lib/gcc/arm-none-eabi/7.3.1/../../../../arm-none-eabi/lib/thumb/v7-m\libc_nano.a(lib_a-nano-svfprintf.o)
 .debug_frame   0x000000000000143c       0x60 c:/st/stm32cubeide_1.3.0/stm32cubeide/plugins/com.st.stm32cube.ide.mcu.externaltools.gnu-tools-for-stm32.7-2018-q2-update.win32_1.0.0.201904181610/tools/bin/../lib/gcc/arm-none-eabi/7.3.1/../../../../arm-none-eabi/lib/thumb/v7-m\libc_nano.a(lib_a-nano-vfprintf_i.o)
 .debug_frame   0x000000000000149c       0x28 c:/st/stm32cubeide_1.3.0/stm32cubeide/plugins/com.st.stm32cube.ide.mcu.externaltools.gnu-tools-for-stm32.7-2018-q2-update.win32_1.0.0.201904181610/tools/bin/../lib/gcc/arm-none-eabi/7.3.1/../../../../arm-none-eabi/lib/thumb/v7-m\libc_nano.a(lib_a-memchr-stub.o)
 .debug_frame   0x00000000000014c4       0x28 c:/st/stm32cubeide_1.3.0/stm32cubeide/plugins/com.st.stm32cube.ide.mcu.externaltools.gnu-tools-for-stm32.7-2018-q2-update.win32_1.0.0.201904181610/tools/bin/../lib/gcc/arm-none-eabi/7.3.1/../../../../arm-none-eabi/lib/thumb/v7-m\libc_nano.a(lib_a-memcpy-stub.o)
 .debug_frame   0x00000000000014ec       0x28 c:/st/stm32cubeide_1.3.0/stm32cubeide/plugins/com.st.stm32cube.ide.mcu.externaltools.gnu-tools-for-stm32.7-2018-q2-update.win32_1.0.0.201904181610/tools/bin/../lib/gcc/arm-none-eabi/7.3.1/../../../../arm-none-eabi/lib/thumb/v7-m\libc_nano.a(lib_a-memmove.o)
 .debug_frame   0x0000000000001514       0x38 c:/st/stm32cubeide_1.3.0/stm32cubeide/plugins/com.st.stm32cube.ide.mcu.externaltools.gnu-tools-for-stm32.7-2018-q2-update.win32_1.0.0.201904181610/tools/bin/../lib/gcc/arm-none-eabi/7.3.1/../../../../arm-none-eabi/lib/thumb/v7-m\libc_nano.a(lib_a-nano-freer.o)
 .debug_frame   0x000000000000154c       0x2c c:/st/stm32cubeide_1.3.0/stm32cubeide/plugins/com.st.stm32cube.ide.mcu.externaltools.gnu-tools-for-stm32.7-2018-q2-update.win32_1.0.0.201904181610/tools/bin/../lib/gcc/arm-none-eabi/7.3.1/../../../../arm-none-eabi/lib/thumb/v7-m\libc_nano.a(lib_a-nano-mallocr.o)
 .debug_frame   0x0000000000001578       0x3c c:/st/stm32cubeide_1.3.0/stm32cubeide/plugins/com.st.stm32cube.ide.mcu.externaltools.gnu-tools-for-stm32.7-2018-q2-update.win32_1.0.0.201904181610/tools/bin/../lib/gcc/arm-none-eabi/7.3.1/../../../../arm-none-eabi/lib/thumb/v7-m\libc_nano.a(lib_a-nano-reallocr.o)
 .debug_frame   0x00000000000015b4       0x2c c:/st/stm32cubeide_1.3.0/stm32cubeide/plugins/com.st.stm32cube.ide.mcu.externaltools.gnu-tools-for-stm32.7-2018-q2-update.win32_1.0.0.201904181610/tools/bin/../lib/gcc/arm-none-eabi/7.3.1/../../../../arm-none-eabi/lib/thumb/v7-m\libc_nano.a(lib_a-sbrkr.o)
 .debug_frame   0x00000000000015e0       0x30 c:/st/stm32cubeide_1.3.0/stm32cubeide/plugins/com.st.stm32cube.ide.mcu.externaltools.gnu-tools-for-stm32.7-2018-q2-update.win32_1.0.0.201904181610/tools/bin/../lib/gcc/arm-none-eabi/7.3.1/../../../../arm-none-eabi/lib/thumb/v7-m\libc_nano.a(lib_a-mlock.o)
 .debug_frame   0x0000000000001610       0x20 c:/st/stm32cubeide_1.3.0/stm32cubeide/plugins/com.st.stm32cube.ide.mcu.externaltools.gnu-tools-for-stm32.7-2018-q2-update.win32_1.0.0.201904181610/tools/bin/../lib/gcc/arm-none-eabi/7.3.1/../../../../arm-none-eabi/lib/thumb/v7-m\libc_nano.a(lib_a-nano-msizer.o)
 .debug_frame   0x0000000000001630       0x5c c:/st/stm32cubeide_1.3.0/stm32cubeide/plugins/com.st.stm32cube.ide.mcu.externaltools.gnu-tools-for-stm32.7-2018-q2-update.win32_1.0.0.201904181610/tools/bin/../lib/gcc/arm-none-eabi/7.3.1/../../../../arm-none-eabi/lib/thumb/v7-m\libc_nano.a(lib_a-reent.o)
 .debug_frame   0x000000000000168c       0x4c c:/st/stm32cubeide_1.3.0/stm32cubeide/plugins/com.st.stm32cube.ide.mcu.externaltools.gnu-tools-for-stm32.7-2018-q2-update.win32_1.0.0.201904181610/tools/bin/../lib/gcc/arm-none-eabi/7.3.1/thumb/v7-m\libgcc.a(_arm_addsubsf3.o)
 .debug_frame   0x00000000000016d8       0x38 c:/st/stm32cubeide_1.3.0/stm32cubeide/plugins/com.st.stm32cube.ide.mcu.externaltools.gnu-tools-for-stm32.7-2018-q2-update.win32_1.0.0.201904181610/tools/bin/../lib/gcc/arm-none-eabi/7.3.1/thumb/v7-m\libgcc.a(_arm_muldivsf3.o)
 .debug_frame   0x0000000000001710       0x24 c:/st/stm32cubeide_1.3.0/stm32cubeide/plugins/com.st.stm32cube.ide.mcu.externaltools.gnu-tools-for-stm32.7-2018-q2-update.win32_1.0.0.201904181610/tools/bin/../lib/gcc/arm-none-eabi/7.3.1/thumb/v7-m\libgcc.a(_arm_fixsfsi.o)
