12:02:31 **** Incremental Build of configuration Debug for project zavrsni_1 ****
make -j4 all 
arm-none-eabi-gcc "../Core/Src/main.c" -mcpu=cortex-m3 -std=gnu11 -g3 -DUSE_HAL_DRIVER -DSTM32F103x6 -DDEBUG -c -I../Drivers/CMSIS/Device/ST/STM32F1xx/Include -I../Drivers/CMSIS/Include -I../Core/Inc -I../Drivers/STM32F1xx_HAL_Driver/Inc/Legacy -I../Drivers/STM32F1xx_HAL_Driver/Inc -O0 -ffunction-sections -fdata-sections -Wall -fstack-usage -MMD -MP -MF"Core/Src/main.d" -MT"Core/Src/main.o" --specs=nano.specs -mfloat-abi=soft -mthumb -o "Core/Src/main.o"
../Core/Src/main.c: In function 'updateLCD':
../Core/Src/main.c:111:23: warning: '__builtin_memcpy' writing 17 bytes into a region of size 16 overflows the destination [-Wstringop-overflow=]
     if (channel == 0) sprintf(buffer, "Press the button");
                       ^~~~~~~~~~~~~~~~~~~~~~~~~~~~~~~~~~~
arm-none-eabi-gcc -o "zavrsni_1.elf" @"objects.list"   -mcpu=cortex-m3 -T"D:\4. godina\Prvi semestar\Mikroprocesorski sistemi\PROJEKAT\Moj_projekat\zavrsni_1\STM32F103C6TX_FLASH.ld" --specs=nosys.specs -Wl,-Map="zavrsni_1.map" -Wl,--gc-sections -static --specs=nano.specs -mfloat-abi=soft -mthumb -Wl,--start-group -lc -lm -Wl,--end-group
Finished building target: zavrsni_1.elf
 
arm-none-eabi-objdump -h -S  zavrsni_1.elf  > "zavrsni_1.list"
arm-none-eabi-objcopy  -O ihex  zavrsni_1.elf  "zavrsni_1.hex"
arm-none-eabi-objcopy  -O binary  zavrsni_1.elf  "zavrsni_1.bin"
arm-none-eabi-size   zavrsni_1.elf 
   text	   data	    bss	    dec	    hex	filename
  12296	    120	   1648	  14064	   36f0	zavrsni_1.elf
Finished building: default.size.stdout
Finished building: zavrsni_1.bin
Finished building: zavrsni_1.hex
 
 
Finished building: zavrsni_1.list
 
 

12:02:32 Build Finished. 0 errors, 1 warnings. (took 1s.272ms)

